4350 len 0001BCB0 ï¿½ets Jul 29 2019 12:21:46

rst:0x1 (POWERON_RESET),boot:0x13 (SPI_FAST_FLASH_BOOT)
configsip: 0, SPIWP:0xee
clk_drv:0x00,q_drv:0x00,d_drv:0x00,cs0_drv:0x00,hd_drv:0x00,wp_drv:0x00
mode:DIO, clock div:2
load:0x3fff0030,len:7112
load:0x40078000,len:15624
load:0x40080400,len:4
load:0x40080404,len:3876
entry 0x4008064c
[0;32mI (29) boot: ESP-IDF v5.1.4 2nd stage bootloader[0m
[0;32mI (29) boot: compile time Aug  3 2024 00:24:06[0m
[0;32mI (29) boot: Multicore bootloader[0m
[0;32mI (34) boot: chip revision: v3.1[0m
[0;32mI (37) boot.esp32: SPI Speed      : 40MHz[0m
[0;32mI (42) boot.esp32: SPI Mode       : DIO[0m
[0;32mI (47) boot.esp32: SPI Flash Size : 2MB[0m
[0;32mI (51) boot: Enabling RNG early entropy source...[0m
[0;32mI (57) boot: Partition Table:[0m
[0;32mI (60) boot: ## Label            Usage          Type ST Offset   Length[0m
[0;32mI (67) boot:  0 nvs              WiFi data        01 02 00009000 00006000[0m
[0;32mI (75) boot:  1 phy_init         RF data          01 01 0000f000 00001000[0m
[0;32mI (82) boot:  2 factory          factory app      00 00 00010000 00100000[0m
[0;32mI (90) boot: End of partition table[0m
[0;32mI (94) esp_image: segment 0: paddr=00010020 vaddr=3f400020 size=0db74h ( 56180) map[0m
[0;32mI (123) esp_image: segment 1: paddr=0001db9c vaddr=3ff80000 size=00004h (     4) load[0m
[0;32mI (123) esp_image: segment 2: paddr=0001dba8 vaddr=3ffb0000 size=022a8h (  8872) load[0m
[0;32mI (132) esp_image: segment 3: paddr=0001fe58 vaddr=40080000 size=001c0h (   448) load[0m
[0;32mI (137) esp_image: segment 4: paddr=00020020 vaddr=400d0020 size=23504h (144644) map[0m
[0;32mI (198) esp_image: segment 5: paddr=0004352c vaddr=400801c0 size=0d8d4h ( 55508) load[0m
[0;32mI (228) boot: Loaded app from partition at offset 0x10000[0m
[0;32mI (228) boot: Disabling RNG early entropy source...[0m
[0;32mI (239) cpu_start: Multicore app[0m
[0;32mI (240) cpu_start: Pro cpu up.[0m
[0;32mI (240) cpu_start: Starting app cpu, entry point is 0x40081314[0m
[0;32mI (0) cpu_start: App cpu up.[0m
[0;32mI (258) cpu_start: Pro cpu start user code[0m
[0;32mI (258) cpu_start: cpu freq: 160000000 Hz[0m
[0;32mI (258) cpu_start: Application information:[0m
[0;32mI (263) cpu_start: Project name:     main[0m
[0;32mI (267) cpu_start: App version:      1[0m
[0;32mI (272) cpu_start: Compile time:     Aug  3 2024 00:44:48[0m
[0;32mI (278) cpu_start: ELF file SHA256:  0389874b46c87dcd...[0m
[0;32mI (284) cpu_start: ESP-IDF:          v5.1.4[0m
[0;32mI (289) cpu_start: Min chip rev:     v0.0[0m
[0;32mI (293) cpu_start: Max chip rev:     v3.99 [0m
[0;32mI (298) cpu_start: Chip rev:         v3.1[0m
[0;32mI (303) heap_init: Initializing. RAM available for dynamic allocation:[0m
[0;32mI (310) heap_init: At 3FFAE6E0 len 00001920 (6 KiB): DRAM[0m
[0;32mI (316) heap_init: At 3FFB3060 len 0002CFA0 (179 KiB): DRAM[0m
[0;32mI (322) heap_init: At 3FFE0440 len 00003AE0 (14 KiB): D/IRAM[0m
[0;32mI (329) heap_init: At 3FFE4350 len 0001BCB0 (111 KiB): D/IRAM[0m
[0;32mI (335) heap_init: At 4008DA94 len 0001256C (73 KiB): IRAM[0m
[0;32mI (343) spi_flash: detected chip: generic[0m
[0;32mI (346) spi_flash: flash io: dio[0m
[0;33mW (350) spi_flash: Detected size(4096k) larger than the size in the binary image header(2048k). Using the size in the binary image header.[0m
[0;32mI (364) app_start: Starting scheduler on CPU0[0m
[0;32mI (368) app_start: Starting scheduler on CPU1[0m
[0;32mI (368) main_task: Started on CPU0[0m
[0;32mI (378) main_task: Calling app_main()[0m
[0;32mI (394) main_tas[0;32mI (398) gpio: GPIO[34]| InputEn: 1| OutputEn: 0| OpenDrain: 0| Pullup: 0| Pulldown: 0| Intr:0 [0m
298
101
176
170
96
[0;31mE (5395) task_wdt: Task watchdog got triggered. The following tasks/users did not reset the watchdog in time:[0m
[0;31mE (5395) task_wdt:  - IDLE1 (CPU 1)[0m
[0;31mE (5395) task_wdt: Tasks currently running:[0m
[0;31mE (5395) task_wdt: CPU 0: IDLE0[0m
[0;31mE (5395) task_wdt: CPU 1: IDLE1[0m
[0;31mE (5395) task_wdt: Print CPU 1 backtrace[0m


Backtrace: 0x40084D52:0x3FFB13D0 0x40082BB1:0x3FFB13F0 0x40085057:0x3FFB5F30 0x400D29AF:0x3FFB5F50 0x40088096:0x3FFB5F70 0x40089671:0x3FFB5F90

102
96
74
18
0
146
[0;31mE (10438) task_wdt: Task watchdog got triggered. The following tasks/users did not reset the watchdog in time:[0m
[0;31mE (10438) task_wdt:  - IDLE1 (CPU 1)[0m
[0;31mE (10438) task_wdt: Tasks currently running:[0m
[0;31mE (10438) task_wdt: CPU 0: IDLE0[0m
[0;31mE (10438) task_wdt: CPU 1: loopTask[0m
[0;31mE (10438) task_wdt: Print CPU 1 backtrace[0m


Backtrace: 0x40084D52:0x3FFB13D0 0x40082BB1:0x3FFB13F0 0x4008319B:0x3FFB8700 0x400831B3:0x3FFB8720 0x400D77C3:0x3FFB8740 0x400DA401:0x3FFB8760 0x400D6CD8:0x3FFB8780 0x40089671:0x3FFB87A0

256
391
3227
2801
171
[0;31mE (15438) task_wdt: Task watchdog got triggered. The following tasks/users did not reset the watchdog in time:[0m
[0;31mE (15438) task_wdt:  - IDLE1 (CPU 1)[0m
[0;31mE (15438) task_wdt: Tasks currently running:[0m
[0;31mE (15438) task_wdt: CPU 0: IDLE0[0m
[0;31mE (15438) task_wdt: CPU 1: loopTask[0m
[0;31mE (15438) task_wdt: Print CPU 1 backtrace[0m


Backtrace: 0x40084D52:0x3FFB13D0 0x40082BB1:0x3FFB13F0 0x4008319B:0x3FFB8700 0x400831B3:0x3FFB8720 0x400D77C3:0x3FFB8740 0x400DA401:0x3FFB8760 0x400D6CD8:0x3FFB8780 0x40089671:0x3FFB87A0

4095
128
139
4095
0
[0;31mE (20438) task_wdt: Task watchdog got triggered. The following tasks/users did not reset the watchdog in time:[0m
[0;31mE (20438) task_wdt:  - IDLE1 (CPU 1)[0m
[0;31mE (20438) task_wdt: Tasks currently running:[0m
[0;31mE (20438) task_wdt: CPU 0: IDLE0[0m
[0;31mE (20438) task_wdt: CPU 1: loopTask[0m
[0;31mE (20438) task_wdt: Print CPU 1 backtrace[0m


Backtrace: 0x40084D52:0x3FFB13D0 0x40082BB1:0x3FFB13F0 0x4000CFFE:0x3FFB8720 0x400D77CF:0x3FFB8740 0x400DA401:0x3FFB8760 0x400D6CD8:0x3FFB8780 0x40089671:0x3FFB87A0

240
336
336
311
459
[0;31mE (25438) task_wdt: Task watchdog got triggered. The following tasks/users did not reset the watchdog in time:[0m
[0;31mE (25438) task_wdt:  - IDLE1 (CPU 1)[0m
[0;31mE (25438) task_wdt: Tasks currently running:[0m
[0;31mE (25438) task_wdt: CPU 0: IDLE0[0m
[0;31mE (25438) task_wdt: CPU 1: loopTask[0m
[0;31mE (25438) task_wdt: Print CPU 1 backtrace[0m


Backtrace: 0x40084D52:0x3FFB13D0 0x40082BB1:0x3FFB13F0 0x4008319B:0x3FFB8700 0x400831B3:0x3FFB8720 0x400D77C3:0x3FFB8740 0x400DA401:0x3FFB8760 0x400D6CD8:0x3FFB8780 0x40089671:0x3FFB87A0

458
